01 user01          AA 000200.00

00
01 user01          AA 000200.00

00
