06 user04          SS 00-100.00

00
06 user04          SS 00-100.00

00
