06 user02          FS 000100.00

00
06 user02          FS 000100.00

00
