03 airpods meetup            user04        026 100.0004 airpods meetup            user04        010 100.0000 user04          SS 000000.00