00_user01__________AA_000000.00
00_user04__________SS_000000.00