03 airpods meetup            user01          026 -10.00

00
03 airpods meetup            user01          026 -10.00

00
