03 airpods meetups           user01          026 100.00
00