06 user04          SS 000100.00

00
06 user04          SS 000100.00

00
