03 airpods meetups           user04          026 100.00
00