04 airpods meetup            user01          022 100.00
00