05 user03          user04          000000100
00 user01          AA 000000.00
00 user03          BS 0000000.00
00 user04          SS 000000.00