06 user04          SS 001000.00

00
06 user04          SS 001000.00

00
