04 airpods meetup            user02        010 100.0000 user01          AA 000000.00