04 airpods meetup            user01        004 100.0000 user03          BS 000000.00