03 airpods meetup            user02          026 -10.00

00
03 airpods meetup            user02          026 -10.00

00
