03 airpods meetup            user01          026 100.00

00
03 airpods meetup            user01          026 100.00

00
