03 airpods meetup            user02        026 100.00
04 airpods meetup            user02        010 100.00
00 user02          FS 000000.00