03 airpods meetup            user02          026 100.00

00
03 airpods meetup            user02          026 100.00

00
