01 user01          AA 000000000
00 user04          SS 000000000