04_airpods_meetup____________user02________010_100.00
00_user01__________AA_000000.00