02 user05          FS 000000.00
00 user01          AA 000000.00