03 airpods meetup            user04          026 -10.00

00
03 airpods meetup            user04          026 -10.00

00
