03_airpods_meetup____________user01________026_100.00
00_user01__________AA_000000.00