03_airpods_meetup____________user02________026_100.00
00_user02__________FS_000000.00