01_user01__________AA_000000000
00_user02__________FS_000000000