04_airpods_meetup____________user01________004_100.00
00_user02__________FS_000000.00