06 user03          BS 000100.00

00
06 user03          BS 000100.00

00
