02 user02          FS 000000.00

00
00
02 user02          FS 000000.00

00
00
