01_user01__________AA_000000000
00_user03__________BS_000000000