02 user01          AA 000000.00

00
02 user01          AA 000000.00

00
