04 airpods meetup            user01        004 100.0000 user02          FS 000000.00