00 user01          AA 000000.00
00 user03          BS 0000000.00