03 airpods meetup            user04          026 100.00

00
03 airpods meetup            user04          026 100.00

00
